<img src="" alt="Something" stlye="vertical-align: middle;">
