<div>
  <div style="color: blue">hi</div>
  <div style="color: green">hi</div>
</div>
