<a href="" style="text-decoration: none;"><img src="" alt="Something" style="vertical-align: middle;text-decoration: none;font-size:20px;"></a>
